1478229772.109554767608643 0.001062888888889
1488286989.131567001342773 0.002129518518519
1492000981.251095294952393 0.003186370370370
1479875466.736786842346191 0.004242759259259
1491845970.442313432693481 0.005299074074074
1492301571.158027648925781 0.006355148148148
1492494343.395366191864014 0.007410944444444
1455941063.039057731628418 0.008467314814815
1490921711.735363483428955 0.009525370370370
1471914766.158696889877319 0.010582592592593
1491458823.529411792755127 0.011640370370370
1486113816.862147092819214 0.012696648148148
1492055478.599358081817627 0.013752777777778
1492357437.255555391311646 0.014808648148148
1488708029.840743541717529 0.015858666666667
1492063650.710152387619019 0.016914777777778
1492268338.448049306869507 0.017970796296296
1492339355.246079921722412 0.019026611111111
1488131052.631579160690308 0.020082166666667
1492191982.604426145553589 0.021138203703704
1492365961.029166698455811 0.022194074074074
1492386278.739411830902100 0.023250018518519
1480586502.034516572952271 0.024305870370370
1492088221.887163162231445 0.025362129629630
1492375776.070714473724365 0.026418018518519
1492430362.874230384826660 0.027473888888889
1486499132.172724008560181 0.028530166666667
1492204545.454545259475708 0.029586166666667
1492288390.038583040237427 0.030642092592593
1492409526.983180284500122 0.031697962962963
1486894504.416094303131104 0.032754703703704
1491871849.696799755096436 0.033811333333333
1492162376.376516819000244 0.034867407407407
1484432261.798284769058228 0.035923351851852
1492080096.789465188980103 0.036979481481481
1354246416.835628747940063 0.038038962962963
1489635191.107848644256592 0.039098574074074
1480914109.461803913116455 0.040155259259259
1491758993.057990550994873 0.041211629629630
1491838624.292250156402588 0.042268055555556
1492209533.162638902664185 0.043324018518519
1481904371.153542757034302 0.044380185185185
1034202985.700800538063049 0.045439555555556
1489278600.880564689636230 0.046499481481481
1492066942.525511026382446 0.047555666666667
1483795780.205903530120850 0.048611537037037
1491935553.997195005416870 0.049667833333333
1492426835.043409585952759 0.050723666666667
1492248268.121152639389038 0.051779574074074
1487607863.079998731613159 0.052835611111111
1492223484.848484754562378 0.053891611111111
1492465505.446508407592773 0.054947333333333
1457042898.967409372329712 0.056003648148148
1491396067.858330965042114 0.057061407407407
1472798773.113662242889404 0.058117981481481
1491366537.700670480728149 0.059175777777778
1487371794.422031164169312 0.060231518518519
1492300445.442110061645508 0.061287481481481
1492337121.212121009826660 0.062343481481481
1492425023.676733493804932 0.063399370370370
1486717359.661890745162964 0.064455351851852
1492267300.340219497680664 0.065511314814815
1468251825.306450605392456 0.066617166666667
1486419811.320754766464233 0.067677166666667
1486599540.649052143096924 0.068733407407407
1492156597.983340740203857 0.069789425925926
1492425627.444446325302124 0.070845296296296
1489648159.997075080871582 0.071858277777778
1492307676.119324445724487 0.072914222222222
1492342973.394833326339722 0.073970129629630
1492476952.220585107803345 0.075025907407407
1488650952.330842733383179 0.076081796296296
1492405738.639353036880493 0.077137666666667
1492417790.561041116714478 0.078193574074074
1491559380.861394882202148 0.079250000000000
1486515045.240934371948242 0.080306074074074
1492320075.757575750350952 0.081362074074074
1492316801.122413158416748 0.082418000000000
1405645581.134980201721191 0.083476592592593
1483813358.051032781600952 0.084535462962963
1491979102.384291648864746 0.085591759259259
1492381458.486793518066406 0.086647648148148
1492463772.691396951675415 0.087703481481481
1488497983.376003980636597 0.088759518518519
1492188351.659914731979370 0.089815462962963
1492381288.149863004684448 0.090871240740741
1488562641.449849843978882 0.091926777777778
1492323342.161109685897827 0.092982648148148
1492392050.935751676559448 0.094038444444444
1492395580.110497236251831 0.095094277777778
1485949610.772143840789795 0.096150500000000
1492258013.607350826263428 0.097206574074074
1435129765.074656963348389 0.098305425925926
1492369835.145563125610352 0.099361351851852
2082277237.456549882888794 0.100416203703704
2138319748.445350170135498 0.101470388888889
2138417834.932012081146240 0.102524500000000
2138409296.932644605636597 0.103578611111111
2134900620.135972976684570 0.104632740740741
2138370401.602192401885986 0.105686851851852
2138405692.199578523635864 0.106740925925926
2138529606.072319746017456 0.107794888888889
2134723162.055336236953735 0.108849055555556
2138356171.603246450424194 0.109903166666667
2138369830.282160043716431 0.110957203703704
2134507908.055672645568848 0.112010981481481
2138283505.788521289825439 0.113065111111111
2051198835.537161111831665 0.114121074074074
2136247045.207449436187744 0.115177111111111
2131641959.909348011016846 0.116231203703704
2138042788.638878822326660 0.117285481481481
2138370210.298846006393433 0.118339537037037
2138371539.002108335494995 0.119393611111111
2134425695.615514278411865 0.120447833333333
2138275153.282619714736938 0.121501925925926
2138304367.686847448348999 0.122555962962963
2138369450.252121448516846 0.123609981481481
2133316821.247892141342163 0.124664203703704
2138243096.057901620864868 0.125718351851852
2138329608.938547372817993 0.126772462962963
2138355030.833289623260498 0.127826518518519
2134527747.035573244094849 0.128880685185185
2137473288.609462022781372 0.129935166666667
2138351424.003373146057129 0.130989185185185
2134329859.951853036880493 0.132043055555556
2138301335.207308530807495 0.133097129629630
2138267182.009838581085205 0.134151203703704
2138311203.246604919433594 0.135205296296296
2134565739.992268085479736 0.136259111111111
2138272492.489327192306519 0.137313166666667
2138308357.196816682815552 0.138367259259259
2138376091.501660108566284 0.139421277777778
2134667252.253043413162231 0.140475407407407
2138248774.574395418167114 0.141529462962963
2138344402.277039766311646 0.142583462962963
2063764214.662900686264038 0.143639037037037
1811510872.872147560119629 0.144917277777778
1518653035.545769214630127 0.145976944444444
2134753701.399961471557617 0.147033851851852
2124763885.473388195037842 0.148088111111111
2137898486.072570323944092 0.149142518518518
2138372298.935385227203369 0.150196629629630
2138370970.292159318923950 0.151250722222222
2116091162.888697624206543 0.152305407407407
1692899384.847263336181641 0.153362055555556
1492418394.191307783126831 0.154417944444444
1492457404.451616525650024 0.155473740740741
1484215339.284774541854858 0.156529611111111
1492184346.179471969604492 0.157585796296296
1492378790.802097797393799 0.158641592592593
1492462221.130910634994507 0.159697444444444
1476198832.255010366439819 0.160753611111111
1492278409.090909004211426 0.161809611111111
1492436910.232574462890625 0.162865425925926
1458756443.073039054870605 0.163921685185185
1460776867.317995786666870 0.164979351851852
1460312461.686662673950195 0.166036666666667
1467114246.747796773910522 0.167095777777778
1462013373.008926868438721 0.168153740740741
1491322407.815947055816650 0.169211407407407
1492214709.080068826675415 0.170267444444444
1464433103.593412876129150 0.171323388888889
1486346168.669633388519287 0.172380462962963
1465331091.915377855300903 0.173454518518519
1362496749.161073923110962 0.174514074074074
1490153673.936998128890991 0.175572833333333
1453498185.006576299667358 0.176628851851852
1491383004.430124759674072 0.177686425925926
1492233394.122185707092285 0.178742500000000
1467774466.667835235595703 0.179798925925926
1478715162.966461896896362 0.180857425925926
1466780749.412878274917603 0.181914055555556
1491551369.803063392639160 0.182971925925926
1486079356.173510551452637 0.184028111111111
1465963268.444413423538208 0.185087851851852
1491162771.153947114944458 0.186145574074074
1467605741.928699016571045 0.187202129629630
1487035712.410981655120850 0.188260481481482
1492089316.711377620697021 0.189316648148148
1467408588.957055330276489 0.190373129629630
1491640909.807217359542847 0.191430740740741
1462601745.714586019515991 0.192487296296296
1491644800.896578073501587 0.193544814814815
1458059173.016009092330933 0.194626388888889
1463582290.461667776107788 0.195682944444444
1503567348.798093795776367 0.196739907407407
2131056493.107384443283081 0.197794444444444
1831863773.554123640060425 0.198929537037037
2121307563.025210142135620 0.199987314814815
2137567013.205956935882568 0.201041833333333
2138261489.810260057449341 0.202095907407407
2138363572.482608318328857 0.203150055555556
2011511122.797791242599487 0.204206444444444
2135872682.952492713928223 0.205262425925926
2138263202.276799678802490 0.206316537037037
1844034935.379644632339478 0.207416981481481
2067022435.785427093505859 0.208476796296296
2137215001.843625307083130 0.209531481481481
2138203453.545769214630127 0.210585685185185
2138370970.292159318923950 0.211639777777778
2118512310.772364616394043 0.212694259259259
2138130412.633723974227905 0.213748462962963
2138401517.946555852890015 0.214802518518519
2133565063.450886964797974 0.215859037037037
2138153743.456417322158813 0.216913222222222
2113031072.256161928176880 0.217968111111111
2137172757.416796684265137 0.219023648148148
2133134243.398513793945312 0.220077703703704
2138285784.554844856262207 0.221131851851852
2138356171.603246450424194 0.222185962962963
2138456356.736242771148682 0.223239962962963
2133287037.199739933013916 0.224293833333333
2138372298.935385227203369 0.225347944444444
2138300386.507378816604614 0.226402018518518
2138525045.241316080093384 0.227456037037037
2133295004.215851545333862 0.228510259259259
2138315759.886161804199219 0.229564388888889
2138346872.803935527801514 0.230618462962963
2137711320.290822029113770 0.231672944444444
2134289553.654551982879639 0.232727185185185
2138391082.063985824584961 0.233781240740741
2050515177.553704738616943 0.234837259259259
2127826835.754472970962524 0.235860907407407
2137902451.875790119171143 0.236915277777778
2138259038.049397468566895 0.237969462962963
2138405502.749617815017700 0.239023481481481
2104001897.533206701278687 0.240077481481481
2137714948.019106626510620 0.241132000000000
2138175944.630843162536621 0.242186203703704
2138461287.092183828353882 0.243240259259259
2133373787.772312164306641 0.244294333333333
2138306273.386855840682983 0.245348462962963
2138247074.944661140441895 0.246402574074074
2138369830.282160043716431 0.247456611111111
2134613065.856272220611572 0.248510814814815
2138267760.522802114486694 0.249564962962963
2138307027.406887054443359 0.250619037037037
2138449715.370018959045410 0.251673037037037
2133737575.321047544479370 0.252727166666667
2138183897.545807361602783 0.253781296296296
2138284258.608573436737061 0.254835370370370
2135067373.832452058792114 0.255858407407407
2138293559.607884407043457 0.256912518518519
2138246126.278064727783203 0.257966629629630
2138334539.704849004745483 0.259020703703704
2134409615.688755512237549 0.260074537037037
2138305892.273637533187866 0.261128648148148
2138360911.502714395523071 0.262182666666667
2138448762.319706201553345 0.263236759259259
2134183361.450864553451538 0.264290537037037
2056363148.479427337646484 0.265346425925926
2136559549.497394800186157 0.266402037037037
2138293187.647120952606201 0.267456222222222
2132620092.399037361145020 0.268510425925926
2138041631.534569978713989 0.269564648148148
2138323916.938969135284424 0.270618759259259
2138335675.884605646133423 0.271672796296296
2134397884.787688255310059 0.272726888888889
2138203453.545769214630127 0.273781092592593
2138355979.549886941909790 0.274835148148148
2134578581.765557050704956 0.275858851851852
2138124925.346917152404785 0.276913111111111
2138342317.017463445663452 0.277967148148148
2138398481.973434448242188 0.279021148148148
2134377851.193196058273315 0.280074962962963
2138232844.945715188980103 0.281129074074074
2137634112.502414703369141 0.282183537037037
2138254282.250838994979858 0.283237629629630
2134676824.124841690063477 0.284291407407407
2138216717.613576412200928 0.285345518518518
2138445350.246850490570068 0.286399537037037
2138306459.830291032791138 0.287453629629630
2134474142.021192550659180 0.288507462962963
2138195116.810117483139038 0.289561722222222
2102295241.547144174575806 0.290634666666667
2138344599.817300081253052 0.291688814814815
2134114644.086852550506592 0.292742962962963
2138410814.989195585250854 0.293797055555555
2058094908.707864999771118 0.294851870370370
2132243231.818265199661255 0.295859444444444
2138127182.658187866210938 0.296913629629630
2138303622.246425390243530 0.297967814814815
2134473072.193922281265259 0.299022074074074
1511506091.780485153198242 0.300076925925926
1492300701.508242845535278 0.301132851851852
1492362086.505069017410278 0.302188666666667
1492349689.593490123748779 0.303244629629630
1481098879.124348878860474 0.304300351851852
1492026372.547300338745117 0.305356444444444
1492439065.459903001785278 0.306412222222222
1492424254.117482185363770 0.307468018518518
1487832929.782082557678223 0.308523462962963
1492268156.228625774383545 0.309579370370370
1492347792.531265735626221 0.310635129629630
1492440355.708347320556641 0.311690925925926
1488465205.191161155700684 0.312746851851852
1492305180.456665754318237 0.313802814814815
1492362775.361302137374878 0.314858666666667
1488669263.567931652069092 0.315914055555555
1492221590.909090757369995 0.316970055555555
1492372504.998772382736206 0.318025870370370
1492418914.652541637420654 0.319081685185185
1488620813.082308292388916 0.320137111111111
1492370782.181690692901611 0.321193037037037
1492348913.481943845748901 0.322248907407407
1492494869.231173992156982 0.323304629629630
1488663859.353616237640381 0.324360074074074
1419062909.154559612274170 0.325418037037037
1490345000.175002574920654 0.326476222222222
1492253787.878787755966187 0.327532222222222
1484689764.055784463882446 0.328587870370370
1492173990.811208963394165 0.329643907407407
1492430884.184309005737305 0.330699703703704
1492406342.079416275024414 0.331755555555555
1487909601.150594711303711 0.332811370370370
1492396352.157137870788574 0.333867296296296
1492358900.601617336273193 0.334923092592593
1487914425.556549549102783 0.335978703703704
1492276515.151515007019043 0.337034703703704
1492336601.364505290985107 0.338090574074074
1492387140.902872562408447 0.339146462962963
1478247632.077457189559937 0.340202240740741
1492119167.441126346588135 0.341258333333333
1492325838.361161708831787 0.342314185185185
1492447851.254165887832642 0.343369925925926
1488598200.662913799285889 0.344425870370370
1492368199.515942096710205 0.345481759259259
1492376293.541937112808228 0.346537574074074
1492430884.184309005737305 0.347593370370370
1488959153.966221809387207 0.348649277777778
1492395923.951171636581421 0.349705129629630
1492320155.745755434036255 0.350760981481481
1492485659.655831813812256 0.351816666666667
1488832652.202129364013672 0.352872462962963
1492437857.368365764617920 0.353928277777778
1492347534.772771120071411 0.354984074074074
1419231157.010327339172363 0.356042037037037
1490290744.889386653900146 0.357100111111111
1492245703.864768266677856 0.358156185185185
1492425118.400280714035034 0.359211925925926
1488326172.731258392333984 0.360267944444444
1492291742.668724536895752 0.361323796296296
1492348481.925175189971924 0.362379592592593
1492425805.093664407730103 0.363435370370370
1488695484.436650753021240 0.364491388888889
1492254296.737986803054810 0.365547314814815
1492390500.578805208206177 0.366603129629630
1492384299.694833040237427 0.367659018518519
1487826082.382029533386230 0.368715074074074
1492333157.950120925903320 0.369770962962963
1492360192.233486652374268 0.370826777777778
1489985024.630541801452637 0.371860574074074
1492338495.536418914794922 0.372916444444444
1492369663.591398715972900 0.373972259259259
1492393860.726188421249390 0.375028000000000
1488909365.135040521621704 0.376083925925926
1492287187.401353836059570 0.377139888888889
1492372849.250197410583496 0.378195722222222
1492403332.748640537261963 0.379251462962963
1488841990.810564279556274 0.380307425925926
1492291486.898873805999756 0.381363314814815
1492330486.029502153396606 0.382419111111111
1491791300.689002275466919 0.383475388888889
1488877571.421055316925049 0.384531333333333
1492